Archive member included to satisfy reference by file (symbol)

c:/program files/microchip/xc8/v2.36/avr/bin/../lib/gcc/avr/5.4.0/../../../../avr/lib/avr5/memx-const\libm.a(fixsfsi.o)
                              main.o (__fixsfsi)
c:/program files/microchip/xc8/v2.36/avr/bin/../lib/gcc/avr/5.4.0/../../../../avr/lib/avr5/memx-const\libm.a(fixunssfsi.o)
                              c:/program files/microchip/xc8/v2.36/avr/bin/../lib/gcc/avr/5.4.0/../../../../avr/lib/avr5/memx-const\libm.a(fixsfsi.o) (__fixunssfsi)
c:/program files/microchip/xc8/v2.36/avr/bin/../lib/gcc/avr/5.4.0/../../../../avr/lib/avr5/memx-const\libm.a(fp_split3.o)
                              c:/program files/microchip/xc8/v2.36/avr/bin/../lib/gcc/avr/5.4.0/../../../../avr/lib/avr5/memx-const\libm.a(fixunssfsi.o) (__fp_splitA)
c:/program files/microchip/xc8/v2.36/avr/bin/../lib/gcc/avr/5.4.0/../../../../avr/lib/avr5/memx-const\libm.a(fp_zero.o)
                              c:/program files/microchip/xc8/v2.36/avr/bin/../lib/gcc/avr/5.4.0/../../../../avr/lib/avr5/memx-const\libm.a(fixunssfsi.o) (__fp_zero)
c:/program files/microchip/xc8/v2.36/avr/bin/../lib/gcc/avr/5.4.0/../../../../avr/lib/avr5/memx-const\libm.a(gesf2.o)
                              main.o (__gtsf2)
c:/program files/microchip/xc8/v2.36/avr/bin/../lib/gcc/avr/5.4.0/../../../../avr/lib/avr5/memx-const\libm.a(mulsf3.o)
                              main.o (__mulsf3)
c:/program files/microchip/xc8/v2.36/avr/bin/../lib/gcc/avr/5.4.0/../../../../avr/lib/avr5/memx-const\libm.a(mulsf3x.o)
                              c:/program files/microchip/xc8/v2.36/avr/bin/../lib/gcc/avr/5.4.0/../../../../avr/lib/avr5/memx-const\libm.a(mulsf3.o) (__mulsf3x)
c:/program files/microchip/xc8/v2.36/avr/bin/../lib/gcc/avr/5.4.0/../../../../avr/lib/avr5/memx-const\libm.a(fp_cmp.o)
                              c:/program files/microchip/xc8/v2.36/avr/bin/../lib/gcc/avr/5.4.0/../../../../avr/lib/avr5/memx-const\libm.a(gesf2.o) (__fp_cmp)
c:/program files/microchip/xc8/v2.36/avr/bin/../lib/gcc/avr/5.4.0/../../../../avr/lib/avr5/memx-const\libm.a(fp_inf.o)
                              c:/program files/microchip/xc8/v2.36/avr/bin/../lib/gcc/avr/5.4.0/../../../../avr/lib/avr5/memx-const\libm.a(mulsf3x.o) (__fp_inf)
c:/program files/microchip/xc8/v2.36/avr/bin/../lib/gcc/avr/5.4.0/../../../../avr/lib/avr5/memx-const\libm.a(fp_nan.o)
                              c:/program files/microchip/xc8/v2.36/avr/bin/../lib/gcc/avr/5.4.0/../../../../avr/lib/avr5/memx-const\libm.a(mulsf3x.o) (__fp_nan)
c:/program files/microchip/xc8/v2.36/avr/bin/../lib/gcc/avr/5.4.0/../../../../avr/lib/avr5/memx-const\libm.a(fp_pscA.o)
                              c:/program files/microchip/xc8/v2.36/avr/bin/../lib/gcc/avr/5.4.0/../../../../avr/lib/avr5/memx-const\libm.a(mulsf3x.o) (__fp_pscA)
c:/program files/microchip/xc8/v2.36/avr/bin/../lib/gcc/avr/5.4.0/../../../../avr/lib/avr5/memx-const\libm.a(fp_pscB.o)
                              c:/program files/microchip/xc8/v2.36/avr/bin/../lib/gcc/avr/5.4.0/../../../../avr/lib/avr5/memx-const\libm.a(mulsf3x.o) (__fp_pscB)
c:/program files/microchip/xc8/v2.36/avr/bin/../lib/gcc/avr/5.4.0/../../../../avr/lib/avr5/memx-const\libm.a(fp_round.o)
                              c:/program files/microchip/xc8/v2.36/avr/bin/../lib/gcc/avr/5.4.0/../../../../avr/lib/avr5/memx-const\libm.a(mulsf3.o) (__fp_round)
c:/program files/microchip/xc8/v2.36/avr/bin/../lib/gcc/avr/5.4.0/avr5/memx-const\libgcc.a(_divmodhi4.o)
                              main.o (__divmodhi4)
c:/program files/microchip/xc8/v2.36/avr/bin/../lib/gcc/avr/5.4.0/avr5/memx-const\libgcc.a(_copy_data.o)
                              main.o (__do_clear_bss)
c:/program files/microchip/xc8/v2.36/avr/bin/../lib/gcc/avr/5.4.0/avr5/memx-const\libgcc.a(_udivmodhi4.o)
                              c:/program files/microchip/xc8/v2.36/avr/bin/../lib/gcc/avr/5.4.0/avr5/memx-const\libgcc.a(_divmodhi4.o) (__udivmodhi4)
c:/program files/microchip/xc8/v2.36/avr/bin/../lib/gcc/avr/5.4.0/../../../../avr/lib/avr5/memx-const\libc.a(exit.o)
                              C:/Program Files (x86)/Atmel/Studio/7.0/Packs/atmel/ATmega_DFP/1.7.374/xc8/avr/lib/avr5/memx-const/crtatmega328p.o (exit)
c:/program files/microchip/xc8/v2.36/avr/bin/../lib/gcc/avr/5.4.0/../../../../avr/lib/avr5/memx-const\libc.a(__sio_sprintf_dosux.o)
                              main.o (_sprintf_cdnopsuxX)
c:/program files/microchip/xc8/v2.36/avr/bin/../lib/gcc/avr/5.4.0/../../../../avr/lib/avr5/memx-const\libc.a(__sio_sprintf_doux.o)
                              main.o (_sprintf_cdnopuxX)
c:/program files/microchip/xc8/v2.36/avr/bin/../lib/gcc/avr/5.4.0/../../../../avr/lib/avr5/memx-const\libc.a(__sio_sscanf_dfoux.o)
                              main.o (_sscanf_cdfFnopuxX)
c:/program files/microchip/xc8/v2.36/avr/bin/../lib/gcc/avr/5.4.0/../../../../avr/lib/avr5/memx-const\libc.a(__fmt_s.o)
[...]
Memory Configuration

Name             Origin             Length             Attributes
text             0x0000000000000000 0x0000000000008000 xr
data             0x0000000000800100 0x0000000000000800 rw !x
eeprom           0x0000000000810000 0x0000000000000400 rw !x
fuse             0x0000000000820000 0x0000000000000003 rw !x
lock             0x0000000000830000 0x0000000000000400 rw !x
signature        0x0000000000840000 0x0000000000000400 rw !x
user_signatures  0x0000000000850000 0x0000000000000400 rw !x
*default*        0x0000000000000000 0xffffffffffffffff

Linker script and memory map

Address of section .data set to 0x800100
LOAD C:/Program Files (x86)/Atmel/Studio/7.0/Packs/atmel/ATmega_DFP/1.7.374/xc8/avr/lib/avr5/memx-const/crtatmega328p.o
LOAD main.o
START GROUP
LOAD c:/program files/microchip/xc8/v2.36/avr/bin/../lib/gcc/avr/5.4.0/../../../../avr/lib/avr5/memx-const\libm.a
END GROUP
START GROUP
LOAD c:/program files/microchip/xc8/v2.36/avr/bin/../lib/gcc/avr/5.4.0/avr5/memx-const\libgcc.a
LOAD c:/program files/microchip/xc8/v2.36/avr/bin/../lib/gcc/avr/5.4.0/../../../../avr/lib/avr5/memx-const\libm.a
LOAD c:/program files/microchip/xc8/v2.36/avr/bin/../lib/gcc/avr/5.4.0/../../../../avr/lib/avr5/memx-const\libc.a
LOAD C:/Program Files (x86)/Atmel/Studio/7.0/Packs/atmel/ATmega_DFP/1.7.374/xc8/avr/lib/avr5/memx-const\libatmega328p.a
END GROUP
                0x0000000000000000                __TEXT_REGION_ORIGIN__ = DEFINED (__TEXT_REGION_ORIGIN__)?__TEXT_REGION_ORIGIN__:0x0
                [0x0000000000800100]                __DATA_REGION_ORIGIN__ = DEFINED (__DATA_REGION_ORIGIN__)?__DATA_REGION_ORIGIN__:0x800060
                [0x0000000000008000]                __TEXT_REGION_LENGTH__ = DEFINED (__TEXT_REGION_LENGTH__)?__TEXT_REGION_LENGTH__:0x20000
                [0x0000000000000800]                __DATA_REGION_LENGTH__ = DEFINED (__DATA_REGION_LENGTH__)?__DATA_REGION_LENGTH__:0xffa0
                [0x0000000000000400]                __EEPROM_REGION_LENGTH__ = DEFINED (__EEPROM_REGION_LENGTH__)?__EEPROM_REGION_LENGTH__:0x10000
                [0x0000000000000003]                __FUSE_REGION_LENGTH__ = DEFINED (__FUSE_REGION_LENGTH__)?__FUSE_REGION_LENGTH__:0x400
                0x0000000000000400                __LOCK_REGION_LENGTH__ = DEFINED (__LOCK_REGION_LENGTH__)?__LOCK_REGION_LENGTH__:0x400
                0x0000000000000400                __SIGNATURE_REGION_LENGTH__ = DEFINED (__SIGNATURE_REGION_LENGTH__)?__SIGNATURE_REGION_LENGTH__:0x400
                0x0000000000000400                __USER_SIGNATURE_REGION_LENGTH__ = DEFINED (__USER_SIGNATURE_REGION_LENGTH__)?__USER_SIGNATURE_REGION_LENGTH__:0x400

.hash
 *(.hash)

.dynsym
 *(.dynsym)

.dynstr
 *(.dynstr)

.gnu.version
 *(.gnu.version)

.gnu.version_d
 *(.gnu.version_d)

.gnu.version_r
 *(.gnu.version_r)

.rel.init
 *(.rel.init)

.rela.init
 *(.rela.init)

.rel.text
 *(.rel.text)
 *(.rel.text.*)
 *(.rel.gnu.linkonce.t*)

.rela.text
 *(.rela.text)
 *(.rela.text.*)
 *(.rela.gnu.linkonce.t*)

.rel.fini
 *(.rel.fini)

.rela.fini
 *(.rela.fini)

.rel.rodata
 *(.rel.rodata)
 *(.rel.rodata.*)
 *(.rel.gnu.linkonce.r*)

.rela.rodata
 *(.rela.rodata)
 *(.rela.rodata.*)
 *(.rela.gnu.linkonce.r*)

.rel.data
 *(.rel.data)
 *(.rel.data.*)
 *(.rel.gnu.linkonce.d*)

.rela.data
 *(.rela.data)
 *(.rela.data.*)
 *(.rela.gnu.linkonce.d*)

.rel.ctors
 *(.rel.ctors)

.rela.ctors
 *(.rela.ctors)

.rel.dtors
 *(.rel.dtors)

.rela.dtors
 *(.rela.dtors)

.rel.got
 *(.rel.got)

.rela.got
 *(.rela.got)

.rel.bss
 *(.rel.bss)

.rela.bss
 *(.rela.bss)

.rel.plt
 *(.rel.plt)

.rela.plt
 *(.rela.plt)

.text           0x0000000000000000       0xce
 *(.vectors)
 .vectors       0x0000000000000000       0x68 C:/Program Files (x86)/Atmel/Studio/7.0/Packs/atmel/ATmega_DFP/1.7.374/xc8/avr/lib/avr5/memx-const/crtatmega328p.o
                0x0000000000000000                __vector_default
                0x0000000000000000                __vectors
 *(.vectors)
 *(.progmem.gcc*)
 *(.dinit)
 .dinit         0x0000000000000068       0x11 data_init
                0x000000000000007a                . = ALIGN (0x2)
 *fill*         0x0000000000000079        0x1 
                0x000000000000007a                __trampolines_start = .
 *(.trampolines)
 .trampolines   0x000000000000007a        0x0 linker stubs
 *(.trampolines*)
                0x000000000000007a                __trampolines_end = .
 *libprintf_flt.a:*(.progmem.data)
 *libc.a:*(.progmem.data)
                0x000000000000007a                . = ALIGN (0x2)
 *(.jumptables)
 *(.jumptables*)
 *(.lowtext)
 *(.lowtext*)
                0x000000000000007a                __ctors_start = .
 *(.ctors)
                0x000000000000007a                __ctors_end = .
                0x000000000000007a                __dtors_start = .
 *(.dtors)
                0x000000000000007a                __dtors_end = .
 SORT(*)(.ctors)
 SORT(*)(.dtors)
 *(.init0)
 .init0         0x000000000000007a        0x0 C:/Program Files (x86)/Atmel/Studio/7.0/Packs/atmel/ATmega_DFP/1.7.374/xc8/avr/lib/avr5/memx-const/crtatmega328p.o
                0x000000000000007a                __init
 *(.init0)
 *(.init1)
 *(.init1)
 *(.init2)
 .init2         0x000000000000007a        0xc C:/Program Files (x86)/Atmel/Studio/7.0/Packs/atmel/ATmega_DFP/1.7.374/xc8/avr/lib/avr5/memx-const/crtatmega328p.o
 *(.init2)
 *(.init3)
 *(.init3)
 *(.init4)
 .init4         0x0000000000000086       0x3c c:/program files/microchip/xc8/v2.36/avr/bin/../lib/gcc/avr/5.4.0/avr5/memx-const\libgcc.a(_copy_data.o)
                0x0000000000000086                __do_copy_data
                0x00000000000000b4                __do_clear_bss
 *(.init4)
 *(.init5)
 *(.init5)
 *(.init6)
 *(.init6)
 *(.init7)
 *(.init7)
 *(.init8)
 *(.init8)
 *(.init9)
 .init9         0x00000000000000c2        0x8 C:/Program Files (x86)/Atmel/Studio/7.0/Packs/atmel/ATmega_DFP/1.7.374/xc8/avr/lib/avr5/memx-const/crtatmega328p.o
 *(.init9)
                0x00000000000000ca                . = ALIGN (0x2)
 *(.fini9)
 .fini9         0x00000000000000ca        0x0 c:/program files/microchip/xc8/v2.36/avr/bin/../lib/gcc/avr/5.4.0/avr5/memx-const\libgcc.a(_exit.o)
                0x00000000000000ca                _exit
 *(.fini9)
 *(.fini8)
 *(.fini8)
 *(.fini7)
 *(.fini7)
 *(.fini6)
 *(.fini6)
 *(.fini5)
 *(.fini5)
 *(.fini4)
 *(.fini4)
 *(.fini3)
 *(.fini3)
 *(.fini2)
 *(.fini2)
 *(.fini1)
 *(.fini1)
 *(.fini0)
 .fini0         0x00000000000000ca        0x4 c:/program files/microchip/xc8/v2.36/avr/bin/../lib/gcc/avr/5.4.0/avr5/memx-const\libgcc.a(_exit.o)
 *(.fini0)
                0x00000000000000ce                _etext = .

.data           0x0000000000800100        0x0 load address 0x00000000000000ce
                [!provide]                        PROVIDE (__data_start, .)
 *(.gnu.linkonce.d*)
 *(.gnu.linkonce.r*)
                0x0000000000800100                . = ALIGN (0x2)
                0x0000000000800100                _edata = .
                [!provide]                        PROVIDE (__data_end, .)

.bss            0x0000000000800100       0x22
                [!provide]                        PROVIDE (__bss_start, .)
 *(COMMON)
 COMMON         0x0000000000800100       0x20 main.o
                0x0000000000800100                rxString
 COMMON         0x0000000000800120        0x2 c:/program files/microchip/xc8/v2.36/avr/bin/../lib/gcc/avr/5.4.0/../../../../avr/lib/avr5/memx-const\libc.a(errno.o)
                0x0000000000800120                __errno_val
                [!provide]                        PROVIDE (__bss_end, .)
                0x00000000000000ce                __data_load_start = LOADADDR (.data)
                0x00000000000000ce                __data_load_end = (__data_load_start + SIZEOF (.data))

.noinit         0x0000000000800122        0x0
                [!provide]                        PROVIDE (__noinit_start, .)
 *(.noinit*)
                [!provide]                        PROVIDE (__noinit_end, .)
                0x0000000000800122                _end = .

.eeprom         0x0000000000810000        0x0
 *(.eeprom*)
                0x0000000000810000                __eeprom_end = .

.fuse
 *(.fuse)
 *(.lfuse)
 *(.hfuse)
 *(.efuse)

.lock
 *(.lock*)

.signature
 *(.signature*)

.user_signatures
 *(.user_signatures*)

.stab
 *(.stab)

.stabstr
 *(.stabstr)

.stab.excl
 *(.stab.excl)

.stab.exclstr
 *(.stab.exclstr)

.stab.index
 *(.stab.index)

.stab.indexstr
 *(.stab.indexstr)

.comment        0x0000000000000000       0x2f
 *(.comment)
 .comment       0x0000000000000000       0x2f main.o
                                         0x30 (size before relaxing)
 .comment       0x000000000000002f       0x30 c:/program files/microchip/xc8/v2.36/avr/bin/../lib/gcc/avr/5.4.0/../../../../avr/lib/avr5/memx-const\libc.a(exit.o)
 .comment       0x000000000000002f       0x30 c:/program files/microchip/xc8/v2.36/avr/bin/../lib/gcc/avr/5.4.0/../../../../avr/lib/avr5/memx-const\libc.a(__sio_sprintf_dosux.o)
 .comment       0x000000000000002f       0x30 c:/program files/microchip/xc8/v2.36/avr/bin/../lib/gcc/avr/5.4.0/../../../../avr/lib/avr5/memx-const\libc.a(__sio_sprintf_doux.o)
 .comment       0x000000000000002f       0x30 c:/program files/microchip/xc8/v2.36/avr/bin/../lib/gcc/avr/5.4.0/../../../../avr/lib/avr5/memx-const\libc.a(__sio_sscanf_dfoux.o)
 .comment       0x000000000000002f       0x30 c:/program files/microchip/xc8/v2.36/avr/bin/../lib/gcc/avr/5.4.0/../../../../avr/lib/avr5/memx-const\libc.a(__fmt_s.o)
 .comment       0x000000000000002f       0x30 c:/program files/microchip/xc8/v2.36/avr/bin/../lib/gcc/avr/5.4.0/../../../../avr/lib/avr5/memx-const\libc.a(__printf_core.o)
 .comment       0x000000000000002f       0x30 c:/program files/microchip/xc8/v2.36/avr/bin/../lib/gcc/avr/5.4.0/../../../../avr/lib/avr5/memx-const\libc.a(__scan_d.o)
 .comment       0x000000000000002f       0x30 c:/program files/microchip/xc8/v2.36/avr/bin/../lib/gcc/avr/5.4.0/../../../../avr/lib/avr5/memx-const\libc.a(__scan_fp.o)
 .comment       0x000000000000002f       0x30 c:/program files/microchip/xc8/v2.36/avr/bin/../lib/gcc/avr/5.4.0/../../../../avr/lib/avr5/memx-const\libc.a(__scan_i.o)
 .comment       0x000000000000002f       0x30 c:/program files/microchip/xc8/v2.36/avr/bin/../lib/gcc/avr/5.4.0/../../../../avr/lib/avr5/memx-const\libc.a(__scan_o.o)
 .comment       0x000000000000002f       0x30 c:/program files/microchip/xc8/v2.36/avr/bin/../lib/gcc/avr/5.4.0/../../../../avr/lib/avr5/memx-const\libc.a(__scan_s.o)
 .comment       0x000000000000002f       0x30 c:/program files/microchip/xc8/v2.36/avr/bin/../lib/gcc/avr/5.4.0/../../../../avr/lib/avr5/memx-const\libc.a(__scan_u.o)
 .comment       0x000000000000002f       0x30 c:/program files/microchip/xc8/v2.36/avr/bin/../lib/gcc/avr/5.4.0/../../../../avr/lib/avr5/memx-const\libc.a(__scan_x.o)
 .comment       0x000000000000002f       0x30 c:/program files/microchip/xc8/v2.36/avr/bin/../lib/gcc/avr/5.4.0/../../../../avr/lib/avr5/memx-const\libc.a(__scanf_core.o)
 .comment       0x000000000000002f       0x30 c:/program files/microchip/xc8/v2.36/avr/bin/../lib/gcc/avr/5.4.0/../../../../avr/lib/avr5/memx-const\libc.a(fgetc.o)
 .comment       0x000000000000002f       0x30 c:/program files/microchip/xc8/v2.36/avr/bin/../lib/gcc/avr/5.4.0/../../../../avr/lib/avr5/memx-const\libc.a(fputc.o)
 .comment       0x000000000000002f       0x30 c:/program files/microchip/xc8/v2.36/avr/bin/../lib/gcc/avr/5.4.0/../../../../avr/lib/avr5/memx-const\libc.a(__fmt_d.o)
 .comment       0x000000000000002f       0x30 c:/program files/microchip/xc8/v2.36/avr/bin/../lib/gcc/avr/5.4.0/../../../../avr/lib/avr5/memx-const\libc.a(__fmt_o.o)
 .comment       0x000000000000002f       0x30 c:/program files/microchip/xc8/v2.36/avr/bin/../lib/gcc/avr/5.4.0/../../../../avr/lib/avr5/memx-const\libc.a(__fmt_u.o)
 .comment       0x000000000000002f       0x30 c:/program files/microchip/xc8/v2.36/avr/bin/../lib/gcc/avr/5.4.0/../../../../avr/lib/avr5/memx-const\libc.a(__fmt_x.o)
 .comment       0x000000000000002f       0x30 c:/program files/microchip/xc8/v2.36/avr/bin/../lib/gcc/avr/5.4.0/../../../../avr/lib/avr5/memx-const\libc.a(__pop_float.o)
 .comment       0x000000000000002f       0x30 c:/program files/microchip/xc8/v2.36/avr/bin/../lib/gcc/avr/5.4.0/../../../../avr/lib/avr5/memx-const\libc.a(__pop_int.o)
 .comment       0x000000000000002f       0x30 c:/program files/microchip/xc8/v2.36/avr/bin/../lib/gcc/avr/5.4.0/../../../../avr/lib/avr5/memx-const\libc.a(__pop_ptr.o)
 .comment       0x000000000000002f       0x30 c:/program files/microchip/xc8/v2.36/avr/bin/../lib/gcc/avr/5.4.0/../../../../avr/lib/avr5/memx-const\libc.a(__push_float.o)
 .comment       0x000000000000002f       0x30 c:/program files/microchip/xc8/v2.36/avr/bin/../lib/gcc/avr/5.4.0/../../../../avr/lib/avr5/memx-const\libc.a(__push_int.o)
 .comment       0x000000000000002f       0x30 c:/program files/microchip/xc8/v2.36/avr/bin/../lib/gcc/avr/5.4.0/../../../../avr/lib/avr5/memx-const\libc.a(atoi.o)
 .comment       0x000000000000002f       0x30 c:/program files/microchip/xc8/v2.36/avr/bin/../lib/gcc/avr/5.4.0/../../../../avr/lib/avr5/memx-const\libc.a(strtof.o)
 .comment       0x000000000000002f       0x30 c:/program files/microchip/xc8/v2.36/avr/bin/../lib/gcc/avr/5.4.0/../../../../avr/lib/avr5/memx-const\libc.a(strtoll.o)
 .comment       0x000000000000002f       0x30 c:/program files/microchip/xc8/v2.36/avr/bin/../lib/gcc/avr/5.4.0/../../../../avr/lib/avr5/memx-const\libc.a(strtoull.o)
 .comment       0x000000000000002f       0x30 c:/program files/microchip/xc8/v2.36/avr/bin/../lib/gcc/avr/5.4.0/../../../../avr/lib/avr5/memx-const\libc.a(memset.o)
 .comment       0x000000000000002f       0x30 c:/program files/microchip/xc8/v2.36/avr/bin/../lib/gcc/avr/5.4.0/../../../../avr/lib/avr5/memx-const\libc.a(strlen.o)
 .comment       0x000000000000002f       0x30 c:/program files/microchip/xc8/v2.36/avr/bin/../lib/gcc/avr/5.4.0/../../../../avr/lib/avr5/memx-const\libc.a(isxdigit.o)
 .comment       0x000000000000002f       0x30 c:/program files/microchip/xc8/v2.36/avr/bin/../lib/gcc/avr/5.4.0/../../../../avr/lib/avr5/memx-const\libc.a(tolower.o)
 .comment       0x000000000000002f       0x30 c:/program files/microchip/xc8/v2.36/avr/bin/../lib/gcc/avr/5.4.0/../../../../avr/lib/avr5/memx-const\libc.a(toupper.o)
 .comment       0x000000000000002f       0x30 c:/program files/microchip/xc8/v2.36/avr/bin/../lib/gcc/avr/5.4.0/../../../../avr/lib/avr5/memx-const\libc.a(errno.o)
 .comment       0x000000000000002f       0x30 c:/program files/microchip/xc8/v2.36/avr/bin/../lib/gcc/avr/5.4.0/../../../../avr/lib/avr5/memx-const\libc.a(_Exit.o)
 .comment       0x000000000000002f       0x30 c:/program files/microchip/xc8/v2.36/avr/bin/../lib/gcc/avr/5.4.0/../../../../avr/lib/avr5/memx-const\libc.a(__int_vfscanf.o)
 .comment       0x000000000000002f       0x30 c:/program files/microchip/xc8/v2.36/avr/bin/../lib/gcc/avr/5.4.0/../../../../avr/lib/avr5/memx-const\libc.a(__int_vsprintf.o)
 .comment       0x000000000000002f       0x30 c:/program files/microchip/xc8/v2.36/avr/bin/../lib/gcc/avr/5.4.0/../../../../avr/lib/avr5/memx-const\libc.a(__int_vsnprintf.o)
 .comment       0x000000000000002f       0x30 c:/program files/microchip/xc8/v2.36/avr/bin/../lib/gcc/avr/5.4.0/../../../../avr/lib/avr5/memx-const\libc.a(__strtoxll.o)
 .comment       0x000000000000002f       0x30 c:/program files/microchip/xc8/v2.36/avr/bin/../lib/gcc/avr/5.4.0/../../../../avr/lib/avr5/memx-const\libc.a(isalnum.o)
 .comment       0x000000000000002f       0x30 c:/program files/microchip/xc8/v2.36/avr/bin/../lib/gcc/avr/5.4.0/../../../../avr/lib/avr5/memx-const\libc.a(__int_vfprintf.o)

.stack.descriptors.hdr
                0x0000000000000000      0x1ce
 .stack.descriptors.hdr
                0x0000000000000000        0xe c:/program files/microchip/xc8/v2.36/avr/bin/../lib/gcc/avr/5.4.0/../../../../avr/lib/avr5/memx-const\libm.a(fixsfsi.o)
 .stack.descriptors.hdr
                0x000000000000000e        0xe c:/program files/microchip/xc8/v2.36/avr/bin/../lib/gcc/avr/5.4.0/../../../../avr/lib/avr5/memx-const\libm.a(fixunssfsi.o)
 .stack.descriptors.hdr
                0x000000000000001c        0xe c:/program files/microchip/xc8/v2.36/avr/bin/../lib/gcc/avr/5.4.0/../../../../avr/lib/avr5/memx-const\libm.a(fp_split3.o)
 .stack.descriptors.hdr
                0x000000000000002a        0xe c:/program files/microchip/xc8/v2.36/avr/bin/../lib/gcc/avr/5.4.0/../../../../avr/lib/avr5/memx-const\libm.a(fp_zero.o)
 .stack.descriptors.hdr
                0x0000000000000038        0xe c:/program files/microchip/xc8/v2.36/avr/bin/../lib/gcc/avr/5.4.0/../../../../avr/lib/avr5/memx-const\libm.a(gesf2.o)
 .stack.descriptors.hdr
                0x0000000000000046        0xe c:/program files/microchip/xc8/v2.36/avr/bin/../lib/gcc/avr/5.4.0/../../../../avr/lib/avr5/memx-const\libm.a(mulsf3.o)
 .stack.descriptors.hdr
                0x0000000000000054        0xe c:/program files/microchip/xc8/v2.36/avr/bin/../lib/gcc/avr/5.4.0/../../../../avr/lib/avr5/memx-const\libm.a(mulsf3x.o)
 .stack.descriptors.hdr
                0x0000000000000062        0xe c:/program files/microchip/xc8/v2.36/avr/bin/../lib/gcc/avr/5.4.0/../../../../avr/lib/avr5/memx-const\libm.a(fp_cmp.o)
 .stack.descriptors.hdr
                0x0000000000000070        0xe c:/program files/microchip/xc8/v2.36/avr/bin/../lib/gcc/avr/5.4.0/../../../../avr/lib/avr5/memx-const\libm.a(fp_inf.o)
 .stack.descriptors.hdr
                0x000000000000007e        0xe c:/program files/microchip/xc8/v2.36/avr/bin/../lib/gcc/avr/5.4.0/../../../../avr/lib/avr5/memx-const\libm.a(fp_nan.o)
 .stack.descriptors.hdr
                0x000000000000008c        0xe c:/program files/microchip/xc8/v2.36/avr/bin/../lib/gcc/avr/5.4.0/../../../../avr/lib/avr5/memx-const\libm.a(fp_pscA.o)
 .stack.descriptors.hdr
                0x000000000000009a        0xe c:/program files/microchip/xc8/v2.36/avr/bin/../lib/gcc/avr/5.4.0/../../../../avr/lib/avr5/memx-const\libm.a(fp_pscB.o)
 .stack.descriptors.hdr
                0x00000000000000a8        0xe c:/program files/microchip/xc8/v2.36/avr/bin/../lib/gcc/avr/5.4.0/../../../../avr/lib/avr5/memx-const\libm.a(fp_round.o)
 .stack.descriptors.hdr
                0x00000000000000b6        0xe c:/program files/microchip/xc8/v2.36/avr/bin/../lib/gcc/avr/5.4.0/avr5/memx-const\libgcc.a(_divmodhi4.o)
 .stack.descriptors.hdr
                0x00000000000000c4        0xe c:/program files/microchip/xc8/v2.36/avr/bin/../lib/gcc/avr/5.4.0/avr5/memx-const\libgcc.a(_udivmodhi4.o)
 .stack.descriptors.hdr
                0x00000000000000d2        0xe c:/program files/microchip/xc8/v2.36/avr/bin/../lib/gcc/avr/5.4.0/avr5/memx-const\libgcc.a(_exit.o)
 .stack.descriptors.hdr
                0x00000000000000e0        0xe c:/program files/microchip/xc8/v2.36/avr/bin/../lib/gcc/avr/5.4.0/avr5/memx-const\libgcc.a(_muluhisi3.o)
 .stack.descriptors.hdr
                0x00000000000000ee        0xe c:/program files/microchip/xc8/v2.36/avr/bin/../lib/gcc/avr/5.4.0/avr5/memx-const\libgcc.a(_muldi3.o)
 .stack.descriptors.hdr
                0x00000000000000fc        0xe c:/program files/microchip/xc8/v2.36/avr/bin/../lib/gcc/avr/5.4.0/avr5/memx-const\libgcc.a(_muldi3_6.o)
 .stack.descriptors.hdr
                0x000000000000010a        0xe c:/program files/microchip/xc8/v2.36/avr/bin/../lib/gcc/avr/5.4.0/avr5/memx-const\libgcc.a(_udivdi3.o)
 .stack.descriptors.hdr
                0x0000000000000118        0xe c:/program files/microchip/xc8/v2.36/avr/bin/../lib/gcc/avr/5.4.0/avr5/memx-const\libgcc.a(_udivmod64.o)
 .stack.descriptors.hdr
                0x0000000000000126        0xe c:/program files/microchip/xc8/v2.36/avr/bin/../lib/gcc/avr/5.4.0/avr5/memx-const\libgcc.a(_negdi2.o)
 .stack.descriptors.hdr
                0x0000000000000134        0xe c:/program files/microchip/xc8/v2.36/avr/bin/../lib/gcc/avr/5.4.0/avr5/memx-const\libgcc.a(_xload_4.o)
 .stack.descriptors.hdr
                0x0000000000000142        0xe c:/program files/microchip/xc8/v2.36/avr/bin/../lib/gcc/avr/5.4.0/avr5/memx-const\libgcc.a(_movmemx.o)
 .stack.descriptors.hdr
                0x0000000000000150        0xe c:/program files/microchip/xc8/v2.36/avr/bin/../lib/gcc/avr/5.4.0/avr5/memx-const\libgcc.a(_ashrdi3.o)
 .stack.descriptors.hdr
                0x000000000000015e        0xe c:/program files/microchip/xc8/v2.36/avr/bin/../lib/gcc/avr/5.4.0/avr5/memx-const\libgcc.a(_adddi3.o)
 .stack.descriptors.hdr
                0x000000000000016c        0xe c:/program files/microchip/xc8/v2.36/avr/bin/../lib/gcc/avr/5.4.0/avr5/memx-const\libgcc.a(_cmpdi2.o)
 .stack.descriptors.hdr
                0x000000000000017a        0xe c:/program files/microchip/xc8/v2.36/avr/bin/../lib/gcc/avr/5.4.0/avr5/memx-const\libgcc.a(_cmpdi2_s8.o)
 .stack.descriptors.hdr
                0x0000000000000188        0xe c:/program files/microchip/xc8/v2.36/avr/bin/../lib/gcc/avr/5.4.0/avr5/memx-const\libgcc.a(_umulhisi3.o)
 .stack.descriptors.hdr
                0x0000000000000196        0xe c:/program files/microchip/xc8/v2.36/avr/bin/../lib/gcc/avr/5.4.0/../../../../avr/lib/avr5/memx-const\libm.a(cmpsf2.o)
 .stack.descriptors.hdr
                0x00000000000001a4        0xe c:/program files/microchip/xc8/v2.36/avr/bin/../lib/gcc/avr/5.4.0/../../../../avr/lib/avr5/memx-const\libm.a(divsf3.o)
 .stack.descriptors.hdr
                0x00000000000001b2        0xe c:/program files/microchip/xc8/v2.36/avr/bin/../lib/gcc/avr/5.4.0/../../../../avr/lib/avr5/memx-const\libm.a(divsf3x.o)
 .stack.descriptors.hdr
                0x00000000000001c0        0xe c:/program files/microchip/xc8/v2.36/avr/bin/../lib/gcc/avr/5.4.0/../../../../avr/lib/avr5/memx-const\libm.a(floatsisf.o)

.note.GNU-stack
                0x0000000000000000        0x0
 .note.GNU-stack
                0x0000000000000000        0x0 c:/program files/microchip/xc8/v2.36/avr/bin/../lib/gcc/avr/5.4.0/../../../../avr/lib/avr5/memx-const\libm.a(fixsfsi.o)
 .note.GNU-stack
                0x0000000000000000        0x0 c:/program files/microchip/xc8/v2.36/avr/bin/../lib/gcc/avr/5.4.0/../../../../avr/lib/avr5/memx-const\libm.a(fixunssfsi.o)
 .note.GNU-stack
                0x0000000000000000        0x0 c:/program files/microchip/xc8/v2.36/avr/bin/../lib/gcc/avr/5.4.0/../../../../avr/lib/avr5/memx-const\libm.a(fp_split3.o)
 .note.GNU-stack
                0x0000000000000000        0x0 c:/program files/microchip/xc8/v2.36/avr/bin/../lib/gcc/avr/5.4.0/../../../../avr/lib/avr5/memx-const\libm.a(fp_zero.o)
 .note.GNU-stack
                0x0000000000000000        0x0 c:/program files/microchip/xc8/v2.36/avr/bin/../lib/gcc/avr/5.4.0/../../../../avr/lib/avr5/memx-const\libm.a(gesf2.o)
 .note.GNU-stack
                0x0000000000000000        0x0 c:/program files/microchip/xc8/v2.36/avr/bin/../lib/gcc/avr/5.4.0/../../../../avr/lib/avr5/memx-const\libm.a(mulsf3.o)
 .note.GNU-stack
                0x0000000000000000        0x0 c:/program files/microchip/xc8/v2.36/avr/bin/../lib/gcc/avr/5.4.0/../../../../avr/lib/avr5/memx-const\libm.a(mulsf3x.o)
 .note.GNU-stack
                0x0000000000000000        0x0 c:/program files/microchip/xc8/v2.36/avr/bin/../lib/gcc/avr/5.4.0/../../../../avr/lib/avr5/memx-const\libm.a(fp_cmp.o)
 .note.GNU-stack
                0x0000000000000000        0x0 c:/program files/microchip/xc8/v2.36/avr/bin/../lib/gcc/avr/5.4.0/../../../../avr/lib/avr5/memx-const\libm.a(fp_inf.o)
 .note.GNU-stack
                0x0000000000000000        0x0 c:/program files/microchip/xc8/v2.36/avr/bin/../lib/gcc/avr/5.4.0/../../../../avr/lib/avr5/memx-const\libm.a(fp_nan.o)
 .note.GNU-stack
                0x0000000000000000        0x0 c:/program files/microchip/xc8/v2.36/avr/bin/../lib/gcc/avr/5.4.0/../../../../avr/lib/avr5/memx-const\libm.a(fp_pscA.o)
 .note.GNU-stack
                0x0000000000000000        0x0 c:/program files/microchip/xc8/v2.36/avr/bin/../lib/gcc/avr/5.4.0/../../../../avr/lib/avr5/memx-const\libm.a(fp_pscB.o)
 .note.GNU-stack
                0x0000000000000000        0x0 c:/program files/microchip/xc8/v2.36/avr/bin/../lib/gcc/avr/5.4.0/../../../../avr/lib/avr5/memx-const\libm.a(fp_round.o)
 .note.GNU-stack
                0x0000000000000000        0x0 c:/program files/microchip/xc8/v2.36/avr/bin/../lib/gcc/avr/5.4.0/../../../../avr/lib/avr5/memx-const\libc.a(exit.o)
 .note.GNU-stack
                0x0000000000000000        0x0 c:/program files/microchip/xc8/v2.36/avr/bin/../lib/gcc/avr/5.4.0/../../../../avr/lib/avr5/memx-const\libc.a(__sio_sprintf_dosux.o)
 .note.GNU-stack
                0x0000000000000000        0x0 c:/program files/microchip/xc8/v2.36/avr/bin/../lib/gcc/avr/5.4.0/../../../../avr/lib/avr5/memx-const\libc.a(__sio_sprintf_doux.o)
 .note.GNU-stack
                0x0000000000000000        0x0 c:/program files/microchip/xc8/v2.36/avr/bin/../lib/gcc/avr/5.4.0/../../../../avr/lib/avr5/memx-const\libc.a(__sio_sscanf_dfoux.o)
 .note.GNU-stack
                0x0000000000000000        0x0 c:/program files/microchip/xc8/v2.36/avr/bin/../lib/gcc/avr/5.4.0/../../../../avr/lib/avr5/memx-const\libc.a(__fmt_s.o)
 .note.GNU-stack
                0x0000000000000000        0x0 c:/program files/microchip/xc8/v2.36/avr/bin/../lib/gcc/avr/5.4.0/../../../../avr/lib/avr5/memx-const\libc.a(__printf_core.o)
 .note.GNU-stack
                0x0000000000000000        0x0 c:/program files/microchip/xc8/v2.36/avr/bin/../lib/gcc/avr/5.4.0/../../../../avr/lib/avr5/memx-const\libc.a(__scan_d.o)
 .note.GNU-stack
                0x0000000000000000        0x0 c:/program files/microchip/xc8/v2.36/avr/bin/../lib/gcc/avr/5.4.0/../../../../avr/lib/avr5/memx-const\libc.a(__scan_fp.o)
 .note.GNU-stack
                0x0000000000000000        0x0 c:/program files/microchip/xc8/v2.36/avr/bin/../lib/gcc/avr/5.4.0/../../../../avr/lib/avr5/memx-const\libc.a(__scan_i.o)
 .note.GNU-stack
                0x0000000000000000        0x0 c:/program files/microchip/xc8/v2.36/avr/bin/../lib/gcc/avr/5.4.0/../../../../avr/lib/avr5/memx-const\libc.a(__scan_o.o)
 .note.GNU-stack
                0x0000000000000000        0x0 c:/program files/microchip/xc8/v2.36/avr/bin/../lib/gcc/avr/5.4.0/../../../../avr/lib/avr5/memx-const\libc.a(__scan_s.o)
 .note.GNU-stack
                0x0000000000000000        0x0 c:/program files/microchip/xc8/v2.36/avr/bin/../lib/gcc/avr/5.4.0/../../../../avr/lib/avr5/memx-const\libc.a(__scan_u.o)
 .note.GNU-stack
                0x0000000000000000        0x0 c:/program files/microchip/xc8/v2.36/avr/bin/../lib/gcc/avr/5.4.0/../../../../avr/lib/avr5/memx-const\libc.a(__scan_x.o)
 .note.GNU-stack
                0x0000000000000000        0x0 c:/program files/microchip/xc8/v2.36/avr/bin/../lib/gcc/avr/5.4.0/../../../../avr/lib/avr5/memx-const\libc.a(__scanf_core.o)
 .note.GNU-stack
                0x0000000000000000        0x0 c:/program files/microchip/xc8/v2.36/avr/bin/../lib/gcc/avr/5.4.0/../../../../avr/lib/avr5/memx-const\libc.a(fgetc.o)
 .note.GNU-stack
                0x0000000000000000        0x0 c:/program files/microchip/xc8/v2.36/avr/bin/../lib/gcc/avr/5.4.0/../../../../avr/lib/avr5/memx-const\libc.a(fputc.o)
 .note.GNU-stack
                0x0000000000000000        0x0 c:/program files/microchip/xc8/v2.36/avr/bin/../lib/gcc/avr/5.4.0/../../../../avr/lib/avr5/memx-const\libc.a(__fmt_d.o)
 .note.GNU-stack
                0x0000000000000000        0x0 c:/program files/microchip/xc8/v2.36/avr/bin/../lib/gcc/avr/5.4.0/../../../../avr/lib/avr5/memx-const\libc.a(__fmt_o.o)
 .note.GNU-stack
                0x0000000000000000        0x0 c:/program files/microchip/xc8/v2.36/avr/bin/../lib/gcc/avr/5.4.0/../../../../avr/lib/avr5/memx-const\libc.a(__fmt_u.o)
 .note.GNU-stack
                0x0000000000000000        0x0 c:/program files/microchip/xc8/v2.36/avr/bin/../lib/gcc/avr/5.4.0/../../../../avr/lib/avr5/memx-const\libc.a(__fmt_x.o)
 .note.GNU-stack
                0x0000000000000000        0x0 c:/program files/microchip/xc8/v2.36/avr/bin/../lib/gcc/avr/5.4.0/../../../../avr/lib/avr5/memx-const\libc.a(__pop_float.o)
 .note.GNU-stack
                0x0000000000000000        0x0 c:/program files/microchip/xc8/v2.36/avr/bin/../lib/gcc/avr/5.4.0/../../../../avr/lib/avr5/memx-const\libc.a(__pop_int.o)
 .note.GNU-stack
                0x0000000000000000        0x0 c:/program files/microchip/xc8/v2.36/avr/bin/../lib/gcc/avr/5.4.0/../../../../avr/lib/avr5/memx-const\libc.a(__pop_ptr.o)
 .note.GNU-stack
                0x0000000000000000        0x0 c:/program files/microchip/xc8/v2.36/avr/bin/../lib/gcc/avr/5.4.0/../../../../avr/lib/avr5/memx-const\libc.a(__push_float.o)
 .note.GNU-stack
                0x0000000000000000        0x0 c:/program files/microchip/xc8/v2.36/avr/bin/../lib/gcc/avr/5.4.0/../../../../avr/lib/avr5/memx-const\libc.a(__push_int.o)
 .note.GNU-stack
                0x0000000000000000        0x0 c:/program files/microchip/xc8/v2.36/avr/bin/../lib/gcc/avr/5.4.0/../../../../avr/lib/avr5/memx-const\libc.a(atoi.o)
 .note.GNU-stack
                0x0000000000000000        0x0 c:/program files/microchip/xc8/v2.36/avr/bin/../lib/gcc/avr/5.4.0/../../../../avr/lib/avr5/memx-const\libc.a(strtof.o)
 .note.GNU-stack
                0x0000000000000000        0x0 c:/program files/microchip/xc8/v2.36/avr/bin/../lib/gcc/avr/5.4.0/../../../../avr/lib/avr5/memx-const\libc.a(strtoll.o)
 .note.GNU-stack
                0x0000000000000000        0x0 c:/program files/microchip/xc8/v2.36/avr/bin/../lib/gcc/avr/5.4.0/../../../../avr/lib/avr5/memx-const\libc.a(strtoull.o)
 .note.GNU-stack
                0x0000000000000000        0x0 c:/program files/microchip/xc8/v2.36/avr/bin/../lib/gcc/avr/5.4.0/../../../../avr/lib/avr5/memx-const\libc.a(memset.o)
 .note.GNU-stack
                0x0000000000000000        0x0 c:/program files/microchip/xc8/v2.36/avr/bin/../lib/gcc/avr/5.4.0/../../../../avr/lib/avr5/memx-const\libc.a(strlen.o)
 .note.GNU-stack
                0x0000000000000000        0x0 c:/program files/microchip/xc8/v2.36/avr/bin/../lib/gcc/avr/5.4.0/../../../../avr/lib/avr5/memx-const\libc.a(isxdigit.o)
 .note.GNU-stack
                0x0000000000000000        0x0 c:/program files/microchip/xc8/v2.36/avr/bin/../lib/gcc/avr/5.4.0/../../../../avr/lib/avr5/memx-const\libc.a(tolower.o)
 .note.GNU-stack
                0x0000000000000000        0x0 c:/program files/microchip/xc8/v2.36/avr/bin/../lib/gcc/avr/5.4.0/../../../../avr/lib/avr5/memx-const\libc.a(toupper.o)
 .note.GNU-stack
                0x0000000000000000        0x0 c:/program files/microchip/xc8/v2.36/avr/bin/../lib/gcc/avr/5.4.0/../../../../avr/lib/avr5/memx-const\libc.a(errno.o)
 .note.GNU-stack
                0x0000000000000000        0x0 c:/program files/microchip/xc8/v2.36/avr/bin/../lib/gcc/avr/5.4.0/../../../../avr/lib/avr5/memx-const\libc.a(_Exit.o)
 .note.GNU-stack
                0x0000000000000000        0x0 c:/program files/microchip/xc8/v2.36/avr/bin/../lib/gcc/avr/5.4.0/../../../../avr/lib/avr5/memx-const\libc.a(__int_vfscanf.o)
 .note.GNU-stack
                0x0000000000000000        0x0 c:/program files/microchip/xc8/v2.36/avr/bin/../lib/gcc/avr/5.4.0/../../../../avr/lib/avr5/memx-const\libc.a(__int_vsprintf.o)
 .note.GNU-stack
                0x0000000000000000        0x0 c:/program files/microchip/xc8/v2.36/avr/bin/../lib/gcc/avr/5.4.0/../../../../avr/lib/avr5/memx-const\libc.a(__int_vsnprintf.o)
 .note.GNU-stack
                0x0000000000000000        0x0 c:/program files/microchip/xc8/v2.36/avr/bin/../lib/gcc/avr/5.4.0/../../../../avr/lib/avr5/memx-const\libc.a(__strtoxll.o)
 .note.GNU-stack
                0x0000000000000000        0x0 c:/program files/microchip/xc8/v2.36/avr/bin/../lib/gcc/avr/5.4.0/../../../../avr/lib/avr5/memx-const\libc.a(isalnum.o)
 .note.GNU-stack
                0x0000000000000000        0x0 c:/program files/microchip/xc8/v2.36/avr/bin/../lib/gcc/avr/5.4.0/../../../../avr/lib/avr5/memx-const\libc.a(__int_vfprintf.o)
 .note.GNU-stack
                0x0000000000000000        0x0 c:/program files/microchip/xc8/v2.36/avr/bin/../lib/gcc/avr/5.4.0/../../../../avr/lib/avr5/memx-const\libm.a(cmpsf2.o)
 .note.GNU-stack
                0x0000000000000000        0x0 c:/program files/microchip/xc8/v2.36/avr/bin/../lib/gcc/avr/5.4.0/../../../../avr/lib/avr5/memx-const\libm.a(divsf3.o)
 .note.GNU-stack
                0x0000000000000000        0x0 c:/program files/microchip/xc8/v2.36/avr/bin/../lib/gcc/avr/5.4.0/../../../../avr/lib/avr5/memx-const\libm.a(divsf3x.o)
 .note.GNU-stack
                0x0000000000000000        0x0 c:/program files/microchip/xc8/v2.36/avr/bin/../lib/gcc/avr/5.4.0/../../../../avr/lib/avr5/memx-const\libm.a(floatsisf.o)

.note.gnu.build-id
 *(.note.gnu.build-id)

.debug
 *(.debug)

.line
 *(.line)

.debug_srcinfo
 *(.debug_srcinfo)

.debug_sfnames
 *(.debug_sfnames)

.debug_aranges  0x0000000000000000       0xa8
 *(.debug_aranges)
 .debug_aranges
                0x0000000000000000       0xa8 main.o

.debug_pubnames
 *(.debug_pubnames)

.debug_info     0x0000000000000000     0x1286
 *(.debug_info .gnu.linkonce.wi.*)
 .debug_info    0x0000000000000000      0x5f4 C:/Program Files (x86)/Atmel/Studio/7.0/Packs/atmel/ATmega_DFP/1.7.374/xc8/avr/lib/avr5/memx-const/crtatmega328p.o
 .debug_info    0x00000000000005f4      0xc92 main.o

.debug_abbrev   0x0000000000000000      0x7ee
 *(.debug_abbrev)
 .debug_abbrev  0x0000000000000000      0x5a2 C:/Program Files (x86)/Atmel/Studio/7.0/Packs/atmel/ATmega_DFP/1.7.374/xc8/avr/lib/avr5/memx-const/crtatmega328p.o
 .debug_abbrev  0x00000000000005a2      0x24c main.o

.debug_line     0x0000000000000000      0x616
 *(.debug_line .debug_line.* .debug_line_end)
 .debug_line    0x0000000000000000      0x137 C:/Program Files (x86)/Atmel/Studio/7.0/Packs/atmel/ATmega_DFP/1.7.374/xc8/avr/lib/avr5/memx-const/crtatmega328p.o
 .debug_line    0x0000000000000137      0x4df main.o

.debug_frame    0x0000000000000000      0x1d0
 *(.debug_frame)
 .debug_frame   0x0000000000000000      0x1d0 main.o

.debug_str      0x0000000000000000      0x22e
 *(.debug_str)
 .debug_str     0x0000000000000000      0x208 C:/Program Files (x86)/Atmel/Studio/7.0/Packs/atmel/ATmega_DFP/1.7.374/xc8/avr/lib/avr5/memx-const/crtatmega328p.o
 .debug_str     0x0000000000000208       0x26 main.o

.debug_loc      0x0000000000000000      0x64a
 *(.debug_loc)
 .debug_loc     0x0000000000000000      0x64a main.o

.debug_macinfo
 *(.debug_macinfo)

.debug_weaknames
 *(.debug_weaknames)

.debug_funcnames
 *(.debug_funcnames)

.debug_typenames
 *(.debug_typenames)

.debug_varnames
 *(.debug_varnames)

.debug_pubtypes
 *(.debug_pubtypes)

.debug_ranges   0x0000000000000000       0x98
 *(.debug_ranges)
 .debug_ranges  0x0000000000000000       0x98 main.o

.debug_macro
 *(.debug_macro)
OUTPUT(XC8Application2.elf elf32-avr)
LOAD linker stubs
LOAD data_init

.note.gnu.avr.deviceinfo
                0x0000000000000000       0x40
 .note.gnu.avr.deviceinfo
                0x0000000000000000       0x40 C:/Program Files (x86)/Atmel/Studio/7.0/Packs/atmel/ATmega_DFP/1.7.374/xc8/avr/lib/avr5/memx-const/crtatmega328p.o

.bss.dataReadyFlag
                0x0000000000800128        0x1
 .bss.dataReadyFlag
                0x0000000000800128        0x1 main.o
                0x0000000000800128                dataReadyFlag

.bss.rxIndex    0x0000000000800129        0x1
 .bss.rxIndex   0x0000000000800129        0x1 main.o
                0x0000000000800129                rxIndex

.progmemx.data  0x00000000000000ce       0x3c
 .progmemx.data
                0x00000000000000ce       0x3c main.o

.progmemx.data._powers_
                0x000000000000010a       0x34
 .progmemx.data._powers_
                0x000000000000010a       0x34 c:/program files/microchip/xc8/v2.36/avr/bin/../lib/gcc/avr/5.4.0/../../../../avr/lib/avr5/memx-const\libc.a(strtof.o)

.progmemx.data  0x000000000000013e       0x1a
 .progmemx.data
                0x000000000000013e       0x1a c:/program files/microchip/xc8/v2.36/avr/bin/../lib/gcc/avr/5.4.0/../../../../avr/lib/avr5/memx-const\libc.a(strtof.o)

.progmemx.data.state_table
                0x0000000000000158       0x16
 .progmemx.data.state_table
                0x0000000000000158       0x16 c:/program files/microchip/xc8/v2.36/avr/bin/../lib/gcc/avr/5.4.0/../../../../avr/lib/avr5/memx-const\libc.a(__printf_core.o)

.progmemx.data  0x000000000000016e        0x8
 .progmemx.data
                0x000000000000016e        0x8 c:/program files/microchip/xc8/v2.36/avr/bin/../lib/gcc/avr/5.4.0/../../../../avr/lib/avr5/memx-const\libc.a(__scan_fp.o)

.progmemx.data  0x0000000000000176        0x7
 .progmemx.data
                0x0000000000000176        0x7 c:/program files/microchip/xc8/v2.36/avr/bin/../lib/gcc/avr/5.4.0/../../../../avr/lib/avr5/memx-const\libc.a(__fmt_s.o)

.progmemx.data  0x000000000000017d        0x6
 .progmemx.data
                0x000000000000017d        0x6 c:/program files/microchip/xc8/v2.36/avr/bin/../lib/gcc/avr/5.4.0/../../../../avr/lib/avr5/memx-const\libc.a(__printf_core.o)

.text.strtof    0x0000000000000184      0x8cc
 .text.strtof   0x0000000000000184      0x8cc c:/program files/microchip/xc8/v2.36/avr/bin/../lib/gcc/avr/5.4.0/../../../../avr/lib/avr5/memx-const\libc.a(strtof.o)
                0x0000000000000184                strtof

.text.__scanf_core
                0x0000000000000a50      0x89a
 .text.__scanf_core
                0x0000000000000a50      0x89a c:/program files/microchip/xc8/v2.36/avr/bin/../lib/gcc/avr/5.4.0/../../../../avr/lib/avr5/memx-const\libc.a(__scanf_core.o)
                0x0000000000000a50                __scanf_core

.text.__printf_core
                0x00000000000012ea      0x822
 .text.__printf_core
                0x00000000000012ea      0x822 c:/program files/microchip/xc8/v2.36/avr/bin/../lib/gcc/avr/5.4.0/../../../../avr/lib/avr5/memx-const\libc.a(__printf_core.o)
                0x00000000000012ea                __printf_core

.text.__strtoxll
                0x0000000000001b0c      0x3d8
 .text.__strtoxll
                0x0000000000001b0c      0x3d8 c:/program files/microchip/xc8/v2.36/avr/bin/../lib/gcc/avr/5.4.0/../../../../avr/lib/avr5/memx-const\libc.a(__strtoxll.o)
                0x0000000000001b0c                __strtoxll

.text.__scan_fp
                0x0000000000001ee4      0x356
 .text.__scan_fp
                0x0000000000001ee4      0x356 c:/program files/microchip/xc8/v2.36/avr/bin/../lib/gcc/avr/5.4.0/../../../../avr/lib/avr5/memx-const\libc.a(__scan_fp.o)
                0x0000000000001ee4                __scan_fp
                0x0000000000001ee4                __scan_a_needed
                0x0000000000001ee4                __scan_f_needed

.text.__fmt_x   0x000000000000223a      0x280
 .text.__fmt_x  0x000000000000223a      0x280 c:/program files/microchip/xc8/v2.36/avr/bin/../lib/gcc/avr/5.4.0/../../../../avr/lib/avr5/memx-const\libc.a(__fmt_x.o)
                0x000000000000223a                __fmt_x_needed
                0x000000000000223a                __fmt_x

.text.main      0x00000000000024ba      0x1fe
 .text.main     0x00000000000024ba      0x1fe main.o
                0x00000000000024ba                main

.text.__scan_i  0x00000000000026b8      0x1e6
 .text.__scan_i
                0x00000000000026b8      0x1e6 c:/program files/microchip/xc8/v2.36/avr/bin/../lib/gcc/avr/5.4.0/../../../../avr/lib/avr5/memx-const\libc.a(__scan_i.o)
                0x00000000000026b8                __scan_i_needed
                0x00000000000026b8                __scan_i

.text.__fmt_d   0x000000000000289e      0x17e
 .text.__fmt_d  0x000000000000289e      0x17e c:/program files/microchip/xc8/v2.36/avr/bin/../lib/gcc/avr/5.4.0/../../../../avr/lib/avr5/memx-const\libc.a(__fmt_d.o)
                0x000000000000289e                __fmt_d
                0x000000000000289e                __fmt_d_needed

.text.__pop_int
                0x0000000000002a1c      0x172
 .text.__pop_int
                0x0000000000002a1c      0x172 c:/program files/microchip/xc8/v2.36/avr/bin/../lib/gcc/avr/5.4.0/../../../../avr/lib/avr5/memx-const\libc.a(__pop_int.o)
                0x0000000000002a1c                __pop_int_needed
                0x0000000000002a1c                __pop_int

.text.__scan_x  0x0000000000002b8e      0x14e
 .text.__scan_x
                0x0000000000002b8e      0x14e c:/program files/microchip/xc8/v2.36/avr/bin/../lib/gcc/avr/5.4.0/../../../../avr/lib/avr5/memx-const\libc.a(__scan_x.o)
                0x0000000000002b8e                __scan_x
                0x0000000000002b8e                __scan_x_needed

.text.__cvt_u   0x0000000000002cdc      0x14a
 .text.__cvt_u  0x0000000000002cdc      0x14a c:/program files/microchip/xc8/v2.36/avr/bin/../lib/gcc/avr/5.4.0/../../../../avr/lib/avr5/memx-const\libc.a(__fmt_u.o)
                0x0000000000002cdc                __cvt_u

.text.__push_int
                0x0000000000002e26      0x136
 .text.__push_int
                0x0000000000002e26      0x136 c:/program files/microchip/xc8/v2.36/avr/bin/../lib/gcc/avr/5.4.0/../../../../avr/lib/avr5/memx-const\libc.a(__push_int.o)
                0x0000000000002e26                __push_int_needed
                0x0000000000002e26                __push_int

.text.__pad     0x0000000000002f5c      0x10e
 .text.__pad    0x0000000000002f5c      0x10e c:/program files/microchip/xc8/v2.36/avr/bin/../lib/gcc/avr/5.4.0/../../../../avr/lib/avr5/memx-const\libc.a(__printf_core.o)
                0x0000000000002f5c                __pad

.text           0x000000000000306a       0xde
 .text          0x000000000000306a       0xde c:/program files/microchip/xc8/v2.36/avr/bin/../lib/gcc/avr/5.4.0/../../../../avr/lib/avr5/memx-const\libm.a(divsf3x.o)
                0x000000000000306a                __divsf3x
                0x0000000000003092                __divsf3_pse

.text.__pop_ptr
                0x0000000000003148       0xd8
 .text.__pop_ptr
                0x0000000000003148       0xd8 c:/program files/microchip/xc8/v2.36/avr/bin/../lib/gcc/avr/5.4.0/../../../../avr/lib/avr5/memx-const\libc.a(__pop_ptr.o)
                0x0000000000003148                __pop_ptr
                0x0000000000003148                __pop_ptr_needed

.text.__scan_o  0x0000000000003220       0xd6
 .text.__scan_o
                0x0000000000003220       0xd6 c:/program files/microchip/xc8/v2.36/avr/bin/../lib/gcc/avr/5.4.0/../../../../avr/lib/avr5/memx-const\libc.a(__scan_o.o)
                0x0000000000003220                __scan_o
                0x0000000000003220                __scan_o_needed

.text           0x00000000000032f6       0xd4
 .text          0x00000000000032f6       0xd4 c:/program files/microchip/xc8/v2.36/avr/bin/../lib/gcc/avr/5.4.0/../../../../avr/lib/avr5/memx-const\libm.a(mulsf3x.o)
                0x00000000000032f6                __mulsf3x
                0x000000000000331c                __mulsf3_pse

.text.__read_int
                0x00000000000033ca       0xd4
 .text.__read_int
                0x00000000000033ca       0xd4 c:/program files/microchip/xc8/v2.36/avr/bin/../lib/gcc/avr/5.4.0/../../../../avr/lib/avr5/memx-const\libc.a(__scan_d.o)
                0x00000000000033ca                __read_int

.text.__fmt_o   0x000000000000349e       0xd4
 .text.__fmt_o  0x000000000000349e       0xd4 c:/program files/microchip/xc8/v2.36/avr/bin/../lib/gcc/avr/5.4.0/../../../../avr/lib/avr5/memx-const\libc.a(__fmt_o.o)
                0x000000000000349e                __fmt_o
                0x000000000000349e                __fmt_o_needed

.text.__scan_s  0x0000000000003572       0xcc
 .text.__scan_s
                0x0000000000003572       0xcc c:/program files/microchip/xc8/v2.36/avr/bin/../lib/gcc/avr/5.4.0/../../../../avr/lib/avr5/memx-const\libc.a(__scan_s.o)
                0x0000000000003572                __scan_s_needed
                0x0000000000003572                __scan_s
                0x0000000000003572                __scan_0_needed

.text.__fmt_s   0x000000000000363e       0xca
 .text.__fmt_s  0x000000000000363e       0xca c:/program files/microchip/xc8/v2.36/avr/bin/../lib/gcc/avr/5.4.0/../../../../avr/lib/avr5/memx-const\libc.a(__fmt_s.o)
                0x000000000000363e                __fmt_s
                0x000000000000363e                __fmt_0_needed
                0x000000000000363e                __fmt_s_needed

.text.__fmt_u   0x0000000000003708       0xb0
 .text.__fmt_u  0x0000000000003708       0xb0 c:/program files/microchip/xc8/v2.36/avr/bin/../lib/gcc/avr/5.4.0/../../../../avr/lib/avr5/memx-const\libc.a(__fmt_u.o)
                0x0000000000003708                __fmt_u_needed
                0x0000000000003708                __fmt_u

.text.__vsnprintf
                0x00000000000037b8       0xa4
 .text.__vsnprintf
                0x00000000000037b8       0xa4 c:/program files/microchip/xc8/v2.36/avr/bin/../lib/gcc/avr/5.4.0/../../../../avr/lib/avr5/memx-const\libc.a(__int_vsnprintf.o)
                0x00000000000037b8                __vsnprintf

.text.fgetc     0x000000000000385c       0xa2
 .text.fgetc    0x000000000000385c       0xa2 c:/program files/microchip/xc8/v2.36/avr/bin/../lib/gcc/avr/5.4.0/../../../../avr/lib/avr5/memx-const\libc.a(fgetc.o)
                0x000000000000385c                fgetc

.text.libgcc.div
                0x00000000000038fe       0xa2
 .text.libgcc.div
                0x00000000000038fe       0xa2 c:/program files/microchip/xc8/v2.36/avr/bin/../lib/gcc/avr/5.4.0/avr5/memx-const\libgcc.a(_udivmod64.o)
                0x00000000000038fe                __udivmod64

.text.libgcc.mul
                0x00000000000039a0       0xa0
 .text.libgcc.mul
                0x00000000000039a0       0xa0 c:/program files/microchip/xc8/v2.36/avr/bin/../lib/gcc/avr/5.4.0/avr5/memx-const\libgcc.a(_muldi3.o)
                0x00000000000039a0                __muldi3

.text.__fmt_state
                0x0000000000003a40       0x9e
 .text.__fmt_state
                0x0000000000003a40       0x9e c:/program files/microchip/xc8/v2.36/avr/bin/../lib/gcc/avr/5.4.0/../../../../avr/lib/avr5/memx-const\libc.a(__printf_core.o)
                0x0000000000003a40                __fmt_state

.text.fputc     0x0000000000003ade       0x92
 .text.fputc    0x0000000000003ade       0x92 c:/program files/microchip/xc8/v2.36/avr/bin/../lib/gcc/avr/5.4.0/../../../../avr/lib/avr5/memx-const\libc.a(fputc.o)
                0x0000000000003ade                fputc
                0x0000000000003ade                putc

.text.DS1307_GetTime
                0x0000000000003b70       0x90
 .text.DS1307_GetTime
                0x0000000000003b70       0x90 main.o
                0x0000000000003b70                DS1307_GetTime

.text.atoi      0x0000000000003c00       0x90
 .text.atoi     0x0000000000003c00       0x90 c:/program files/microchip/xc8/v2.36/avr/bin/../lib/gcc/avr/5.4.0/../../../../avr/lib/avr5/memx-const\libc.a(atoi.o)
                0x0000000000003c00                atoi

.text           0x0000000000003c90       0x7a
 .text          0x0000000000003c90       0x7a c:/program files/microchip/xc8/v2.36/avr/bin/../lib/gcc/avr/5.4.0/../../../../avr/lib/avr5/memx-const\libm.a(floatsisf.o)
                0x0000000000003c90                __floatunsisf
                0x0000000000003c94                __floatsisf

.text.LCD_Init  0x0000000000003d0a       0x74
 .text.LCD_Init
                0x0000000000003d0a       0x74 main.o
                0x0000000000003d0a                LCD_Init

.text.__push_float
                0x0000000000003d7e       0x6a
 .text.__push_float
                0x0000000000003d7e       0x6a c:/program files/microchip/xc8/v2.36/avr/bin/../lib/gcc/avr/5.4.0/../../../../avr/lib/avr5/memx-const\libc.a(__push_float.o)
                0x0000000000003d7e                __push_float_needed
                0x0000000000003d7e                __push_float

.text.__out     0x0000000000003de8       0x68
 .text.__out    0x0000000000003de8       0x68 c:/program files/microchip/xc8/v2.36/avr/bin/../lib/gcc/avr/5.4.0/../../../../avr/lib/avr5/memx-const\libc.a(__printf_core.o)
                0x0000000000003de8                __out

.text.__consumews
                0x0000000000003e50       0x68
 .text.__consumews
                0x0000000000003e50       0x68 c:/program files/microchip/xc8/v2.36/avr/bin/../lib/gcc/avr/5.4.0/../../../../avr/lib/avr5/memx-const\libc.a(__scanf_core.o)
                0x0000000000003e50                __consumews

.text.__vector_18
                0x0000000000003eb8       0x60
 .text.__vector_18
                0x0000000000003eb8       0x60 main.o
                0x0000000000003eb8                __vector_18

.text           0x0000000000003f18       0x5e
 .text          0x0000000000003f18       0x5e c:/program files/microchip/xc8/v2.36/avr/bin/../lib/gcc/avr/5.4.0/../../../../avr/lib/avr5/memx-const\libm.a(fixunssfsi.o)
                0x0000000000003f18                __fixunssfsi

.text.LCD_Send4Bit
                0x0000000000003f76       0x5a
 .text.LCD_Send4Bit
                0x0000000000003f76       0x5a main.o
                0x0000000000003f76                LCD_Send4Bit

.text.__scan_d  0x0000000000003fd0       0x4e
 .text.__scan_d
                0x0000000000003fd0       0x4e c:/program files/microchip/xc8/v2.36/avr/bin/../lib/gcc/avr/5.4.0/../../../../avr/lib/avr5/memx-const\libc.a(__scan_d.o)
                0x0000000000003fd0                __scan_d_needed
                0x0000000000003fd0                __scan_d

.text.__scan_u  0x000000000000401e       0x4e
 .text.__scan_u
                0x000000000000401e       0x4e c:/program files/microchip/xc8/v2.36/avr/bin/../lib/gcc/avr/5.4.0/../../../../avr/lib/avr5/memx-const\libc.a(__scan_u.o)
                0x000000000000401e                __scan_u_needed
                0x000000000000401e                __scan_u

.text           0x000000000000406c       0x48
 .text          0x000000000000406c       0x48 c:/program files/microchip/xc8/v2.36/avr/bin/../lib/gcc/avr/5.4.0/../../../../avr/lib/avr5/memx-const\libm.a(fp_cmp.o)
                0x000000000000406c                __fp_cmp

.text.DS1307_SetTime
                0x00000000000040b4       0x46
 .text.DS1307_SetTime
                0x00000000000040b4       0x46 main.o
                0x00000000000040b4                DS1307_SetTime

.text.__wrap_sscanf
                0x00000000000040fa       0x46
 .text.__wrap_sscanf
                0x00000000000040fa       0x46 c:/program files/microchip/xc8/v2.36/avr/bin/../lib/gcc/avr/5.4.0/../../../../avr/lib/avr5/memx-const\libc.a(__sio_sscanf_dfoux.o)
                0x00000000000040fa                _sscanf_cdfFgGnopuxX
                0x00000000000040fa                _sscanf_cdeEgGnopuxX
                0x00000000000040fa                _sscanf_cdeEfFgGnopuxX
                0x00000000000040fa                _sscanf_cdgGnopuxX
                0x00000000000040fa                _sscanf_cdeEnopuxX
                0x00000000000040fa                _sscanf_cdfFnopuxX
                0x00000000000040fa                _sscanf_cdeEfFnopuxX

.text.__skipws  0x0000000000004140       0x46
 .text.__skipws
                0x0000000000004140       0x46 c:/program files/microchip/xc8/v2.36/avr/bin/../lib/gcc/avr/5.4.0/../../../../avr/lib/avr5/memx-const\libc.a(__scanf_core.o)
                0x0000000000004140                __skipws

.text           0x0000000000004186       0x44
 .text          0x0000000000004186       0x44 c:/program files/microchip/xc8/v2.36/avr/bin/../lib/gcc/avr/5.4.0/../../../../avr/lib/avr5/memx-const\libm.a(fp_split3.o)
                0x0000000000004186                __fp_split3
                0x0000000000004196                __fp_splitA

.text.__pop_float
                0x00000000000041ca       0x40
 .text.__pop_float
                0x00000000000041ca       0x40 c:/program files/microchip/xc8/v2.36/avr/bin/../lib/gcc/avr/5.4.0/../../../../avr/lib/avr5/memx-const\libc.a(__pop_float.o)
                0x00000000000041ca                __pop_float_needed
                0x00000000000041ca                __pop_float

.text.ungetc    0x000000000000420a       0x3e
 .text.ungetc   0x000000000000420a       0x3e c:/program files/microchip/xc8/v2.36/avr/bin/../lib/gcc/avr/5.4.0/../../../../avr/lib/avr5/memx-const\libc.a(fgetc.o)
                0x000000000000420a                ungetc

.text.libgcc.builtins
                0x0000000000004248       0x3c
 .text.libgcc.builtins
                0x0000000000004248       0x3c c:/program files/microchip/xc8/v2.36/avr/bin/../lib/gcc/avr/5.4.0/avr5/memx-const\libgcc.a(_ashrdi3.o)
                0x0000000000004248                __ashrdi3
                0x000000000000424c                __lshrdi3

.text.libgcc.prologue
                0x0000000000004284       0x38
 .text.libgcc.prologue
                0x0000000000004284       0x38 c:/program files/microchip/xc8/v2.36/avr/bin/../lib/gcc/avr/5.4.0/avr5/memx-const\libgcc.a(_prologue.o)
                0x0000000000004284                __prologue_saves__

.text.libgcc.prologue
                0x00000000000042bc       0x36
 .text.libgcc.prologue
                0x00000000000042bc       0x36 c:/program files/microchip/xc8/v2.36/avr/bin/../lib/gcc/avr/5.4.0/avr5/memx-const\libgcc.a(_epilogue.o)
                0x00000000000042bc                __epilogue_restores__

.text.__vfscanf
                0x00000000000042f2       0x30
 .text.__vfscanf
                0x00000000000042f2       0x30 c:/program files/microchip/xc8/v2.36/avr/bin/../lib/gcc/avr/5.4.0/../../../../avr/lib/avr5/memx-const\libc.a(__int_vfscanf.o)
                0x00000000000042f2                __vfscanf

.text.__vfprintf
                0x0000000000004322       0x30
 .text.__vfprintf
                0x0000000000004322       0x30 c:/program files/microchip/xc8/v2.36/avr/bin/../lib/gcc/avr/5.4.0/../../../../avr/lib/avr5/memx-const\libc.a(__int_vfprintf.o)
                0x0000000000004322                __vfprintf

.text.strlen    0x0000000000004352       0x2c
 .text.strlen   0x0000000000004352       0x2c c:/program files/microchip/xc8/v2.36/avr/bin/../lib/gcc/avr/5.4.0/../../../../avr/lib/avr5/memx-const\libc.a(strlen.o)
                0x0000000000004352                strlen

.text.libgcc.div
                0x000000000000437e       0x28
 .text.libgcc.div
                0x000000000000437e       0x28 c:/program files/microchip/xc8/v2.36/avr/bin/../lib/gcc/avr/5.4.0/avr5/memx-const\libgcc.a(_divmodhi4.o)
                0x000000000000437e                _div
                0x000000000000437e                __divmodhi4

.text.libgcc.div
                0x00000000000043a6       0x28
 .text.libgcc.div
                0x00000000000043a6       0x28 c:/program files/microchip/xc8/v2.36/avr/bin/../lib/gcc/avr/5.4.0/avr5/memx-const\libgcc.a(_udivmodhi4.o)
                0x00000000000043a6                __udivmodhi4

.text.isxdigit  0x00000000000043ce       0x28
 .text.isxdigit
                0x00000000000043ce       0x28 c:/program files/microchip/xc8/v2.36/avr/bin/../lib/gcc/avr/5.4.0/../../../../avr/lib/avr5/memx-const\libc.a(isxdigit.o)
                0x00000000000043ce                isxdigit

.text.isalnum   0x00000000000043f6       0x28
 .text.isalnum  0x00000000000043f6       0x28 c:/program files/microchip/xc8/v2.36/avr/bin/../lib/gcc/avr/5.4.0/../../../../avr/lib/avr5/memx-const\libc.a(isalnum.o)
                0x00000000000043f6                isalnum

.text.dec_to_bcd
                0x000000000000441e       0x26
 .text.dec_to_bcd
                0x000000000000441e       0x26 main.o
                0x000000000000441e                dec_to_bcd

.text.__wrap_sprintf
                0x0000000000004444       0x26
 .text.__wrap_sprintf
                0x0000000000004444       0x26 c:/program files/microchip/xc8/v2.36/avr/bin/../lib/gcc/avr/5.4.0/../../../../avr/lib/avr5/memx-const\libc.a(__sio_sprintf_dosux.o)
                0x0000000000004444                _sprintf_cdnopsuxX

.text.__wrap_sprintf
                0x000000000000446a       0x26
 .text.__wrap_sprintf
                0x000000000000446a       0x26 c:/program files/microchip/xc8/v2.36/avr/bin/../lib/gcc/avr/5.4.0/../../../../avr/lib/avr5/memx-const\libc.a(__sio_sprintf_doux.o)
                0x000000000000446a                _sprintf_cdnopuxX

.text.LCD_Enable
                0x0000000000004490       0x22
 .text.LCD_Enable
                0x0000000000004490       0x22 main.o
                0x0000000000004490                LCD_Enable

.text           0x00000000000044b2       0x22
 .text          0x00000000000044b2       0x22 c:/program files/microchip/xc8/v2.36/avr/bin/../lib/gcc/avr/5.4.0/../../../../avr/lib/avr5/memx-const\libm.a(fp_round.o)
                0x00000000000044b2                __fp_round

.text.libgcc    0x00000000000044d4       0x20
 .text.libgcc   0x00000000000044d4       0x20 c:/program files/microchip/xc8/v2.36/avr/bin/../lib/gcc/avr/5.4.0/avr5/memx-const\libgcc.a(_negdi2.o)
                0x00000000000044d4                __negdi2

.text.LCD_Command
                0x00000000000044f4       0x1e
 .text.LCD_Command
                0x00000000000044f4       0x1e main.o
                0x00000000000044f4                LCD_Command

.text.LCD_Char  0x0000000000004512       0x1e
 .text.LCD_Char
                0x0000000000004512       0x1e main.o
                0x0000000000004512                LCD_Char

.text.libgcc.mul
                0x0000000000004530       0x1e
 .text.libgcc.mul
                0x0000000000004530       0x1e c:/program files/microchip/xc8/v2.36/avr/bin/../lib/gcc/avr/5.4.0/avr5/memx-const\libgcc.a(_umulhisi3.o)
                0x0000000000004530                __umulhisi3

.text.I2C_Read  0x000000000000454e       0x1c
 .text.I2C_Read
                0x000000000000454e       0x1c main.o
                0x000000000000454e                I2C_Read

.text.libgcc.div
                0x000000000000456a       0x1c
 .text.libgcc.div
                0x000000000000456a       0x1c c:/program files/microchip/xc8/v2.36/avr/bin/../lib/gcc/avr/5.4.0/avr5/memx-const\libgcc.a(_udivdi3.o)
                0x000000000000456a                __umoddi3
                0x000000000000456e                __udivdi3
                0x0000000000004570                __udivdi3_umoddi3

.text.LCD_String
                0x0000000000004586       0x1a
 .text.LCD_String
                0x0000000000004586       0x1a main.o
                0x0000000000004586                LCD_String

.text.libgcc    0x00000000000045a0       0x1a
 .text.libgcc   0x00000000000045a0       0x1a c:/program files/microchip/xc8/v2.36/avr/bin/../lib/gcc/avr/5.4.0/avr5/memx-const\libgcc.a(_movmemx.o)
                0x00000000000045a0                __movmemx_qi
                0x00000000000045a2                __movmemx_hi

.text.__vsprintf
                0x00000000000045ba       0x18
 .text.__vsprintf
                0x00000000000045ba       0x18 c:/program files/microchip/xc8/v2.36/avr/bin/../lib/gcc/avr/5.4.0/../../../../avr/lib/avr5/memx-const\libc.a(__int_vsprintf.o)
                0x00000000000045ba                __vsprintf

.text.libgcc    0x00000000000045d2       0x18
 .text.libgcc   0x00000000000045d2       0x18 c:/program files/microchip/xc8/v2.36/avr/bin/../lib/gcc/avr/5.4.0/avr5/memx-const\libgcc.a(_xload_4.o)
                0x00000000000045d2                __xload_4

.text.libgcc    0x00000000000045ea       0x18
 .text.libgcc   0x00000000000045ea       0x18 c:/program files/microchip/xc8/v2.36/avr/bin/../lib/gcc/avr/5.4.0/avr5/memx-const\libgcc.a(_cmpdi2_s8.o)
                0x00000000000045ea                __cmpdi2_s8

.text.bcd_to_dec
                0x0000000000004602       0x16
 .text.bcd_to_dec
                0x0000000000004602       0x16 main.o
                0x0000000000004602                bcd_to_dec

.text.UART_Init_Rx
                0x0000000000004618       0x16
 .text.UART_Init_Rx
                0x0000000000004618       0x16 main.o
                0x0000000000004618                UART_Init_Rx

.text.exit      0x000000000000462e       0x16
 .text.exit     0x000000000000462e       0x16 c:/program files/microchip/xc8/v2.36/avr/bin/../lib/gcc/avr/5.4.0/../../../../avr/lib/avr5/memx-const\libc.a(exit.o)
                0x000000000000462e                exit

.text.libgcc.mul
                0x0000000000004644       0x16
 .text.libgcc.mul
                0x0000000000004644       0x16 c:/program files/microchip/xc8/v2.36/avr/bin/../lib/gcc/avr/5.4.0/avr5/memx-const\libgcc.a(_muluhisi3.o)
                0x0000000000004644                __muluhisi3

.text.I2C_Write
                0x000000000000465a       0x14
 .text.I2C_Write
                0x000000000000465a       0x14 main.o
                0x000000000000465a                I2C_Write

.text.memset    0x000000000000466e       0x12
 .text.memset   0x000000000000466e       0x12 c:/program files/microchip/xc8/v2.36/avr/bin/../lib/gcc/avr/5.4.0/../../../../avr/lib/avr5/memx-const\libc.a(memset.o)
                0x000000000000466e                memset

.text.toupper   0x0000000000004680       0x12
 .text.toupper  0x0000000000004680       0x12 c:/program files/microchip/xc8/v2.36/avr/bin/../lib/gcc/avr/5.4.0/../../../../avr/lib/avr5/memx-const\libc.a(toupper.o)
                0x0000000000004680                toupper

.text.libgcc.mul
                0x0000000000004692       0x12
 .text.libgcc.mul
                0x0000000000004692       0x12 c:/program files/microchip/xc8/v2.36/avr/bin/../lib/gcc/avr/5.4.0/avr5/memx-const\libgcc.a(_muldi3_6.o)
                0x0000000000004692                __muldi3_6

.text.libgcc    0x00000000000046a4       0x12
 .text.libgcc   0x00000000000046a4       0x12 c:/program files/microchip/xc8/v2.36/avr/bin/../lib/gcc/avr/5.4.0/avr5/memx-const\libgcc.a(_adddi3.o)
                0x00000000000046a4                __adddi3

.text.libgcc    0x00000000000046b6       0x12
 .text.libgcc   0x00000000000046b6       0x12 c:/program files/microchip/xc8/v2.36/avr/bin/../lib/gcc/avr/5.4.0/avr5/memx-const\libgcc.a(_cmpdi2.o)
                0x00000000000046b6                __cmpdi2

.text.I2C_Start
                0x00000000000046c8       0x10
 .text.I2C_Start
                0x00000000000046c8       0x10 main.o
                0x00000000000046c8                I2C_Start

.text.tolower   0x00000000000046d8       0x10
 .text.tolower  0x00000000000046d8       0x10 c:/program files/microchip/xc8/v2.36/avr/bin/../lib/gcc/avr/5.4.0/../../../../avr/lib/avr5/memx-const\libc.a(tolower.o)
                0x00000000000046d8                tolower

.text           0x00000000000046e8        0xe
 .text          0x00000000000046e8        0xe c:/program files/microchip/xc8/v2.36/avr/bin/../lib/gcc/avr/5.4.0/../../../../avr/lib/avr5/memx-const\libm.a(fixsfsi.o)
                0x00000000000046e8                __fixsfsi

.text           0x00000000000046f6        0xe
 .text          0x00000000000046f6        0xe c:/program files/microchip/xc8/v2.36/avr/bin/../lib/gcc/avr/5.4.0/../../../../avr/lib/avr5/memx-const\libm.a(fp_zero.o)
                0x00000000000046f6                __fp_zero
                0x00000000000046f8                __fp_szero

.text           0x0000000000004704        0xe
 .text          0x0000000000004704        0xe c:/program files/microchip/xc8/v2.36/avr/bin/../lib/gcc/avr/5.4.0/../../../../avr/lib/avr5/memx-const\libm.a(fp_pscA.o)
                0x0000000000004704                __fp_pscA

.text           0x0000000000004712        0xe
 .text          0x0000000000004712        0xe c:/program files/microchip/xc8/v2.36/avr/bin/../lib/gcc/avr/5.4.0/../../../../avr/lib/avr5/memx-const\libm.a(fp_pscB.o)
                0x0000000000004712                __fp_pscB

.text.I2C_Init  0x0000000000004720        0xc
 .text.I2C_Init
                0x0000000000004720        0xc main.o
                0x0000000000004720                I2C_Init

.text           0x000000000000472c        0xc
 .text          0x000000000000472c        0xc c:/program files/microchip/xc8/v2.36/avr/bin/../lib/gcc/avr/5.4.0/../../../../avr/lib/avr5/memx-const\libm.a(fp_inf.o)
                0x000000000000472c                __fp_inf

.text.strtoll   0x0000000000004738        0xc
 .text.strtoll  0x0000000000004738        0xc c:/program files/microchip/xc8/v2.36/avr/bin/../lib/gcc/avr/5.4.0/../../../../avr/lib/avr5/memx-const\libc.a(strtoll.o)
                0x0000000000004738                strtoll

.text.strtoull  0x0000000000004744        0xc
 .text.strtoull
                0x0000000000004744        0xc c:/program files/microchip/xc8/v2.36/avr/bin/../lib/gcc/avr/5.4.0/../../../../avr/lib/avr5/memx-const\libc.a(strtoull.o)
                0x0000000000004744                strtoull

.text           0x0000000000004750        0xa
 .text          0x0000000000004750        0xa c:/program files/microchip/xc8/v2.36/avr/bin/../lib/gcc/avr/5.4.0/../../../../avr/lib/avr5/memx-const\libm.a(gesf2.o)
                0x0000000000004750                __gesf2
                0x0000000000004750                __gtsf2

.text           0x000000000000475a        0xa
 .text          0x000000000000475a        0xa c:/program files/microchip/xc8/v2.36/avr/bin/../lib/gcc/avr/5.4.0/../../../../avr/lib/avr5/memx-const\libm.a(cmpsf2.o)
                0x000000000000475a                __nesf2
                0x000000000000475a                __eqsf2
                0x000000000000475a                __cmpsf2
                0x000000000000475a                __ltsf2
                0x000000000000475a                __lesf2

.text.I2C_Stop  0x0000000000004764        0x8
 .text.I2C_Stop
                0x0000000000004764        0x8 main.o
                0x0000000000004764                I2C_Stop

.text           0x000000000000476c        0x8
 .text          0x000000000000476c        0x8 c:/program files/microchip/xc8/v2.36/avr/bin/../lib/gcc/avr/5.4.0/../../../../avr/lib/avr5/memx-const\libm.a(mulsf3.o)
                0x000000000000476c                __mulsf3

.text           0x0000000000004774        0x8
 .text          0x0000000000004774        0x8 c:/program files/microchip/xc8/v2.36/avr/bin/../lib/gcc/avr/5.4.0/../../../../avr/lib/avr5/memx-const\libm.a(divsf3.o)
                0x0000000000004774                __divsf3

.text           0x000000000000477c        0x6
 .text          0x000000000000477c        0x6 c:/program files/microchip/xc8/v2.36/avr/bin/../lib/gcc/avr/5.4.0/../../../../avr/lib/avr5/memx-const\libm.a(fp_nan.o)
                0x000000000000477c                __fp_nan

.text.__dummy_fmt4
                0x0000000000004782        0x6
 .text.__dummy_fmt4
                0x0000000000004782        0x6 c:/program files/microchip/xc8/v2.36/avr/bin/../lib/gcc/avr/5.4.0/../../../../avr/lib/avr5/memx-const\libc.a(__printf_core.o)
                0x0000000000004782                __fmt_fp
                0x0000000000004782                __fmt_a

.text.strtold   0x0000000000004788        0x6
 .text.strtold  0x0000000000004788        0x6 c:/program files/microchip/xc8/v2.36/avr/bin/../lib/gcc/avr/5.4.0/../../../../avr/lib/avr5/memx-const\libc.a(strtof.o)
                0x0000000000004788                strtold

.text           0x000000000000478e        0x4
 .text          0x000000000000478e        0x4 C:/Program Files (x86)/Atmel/Studio/7.0/Packs/atmel/ATmega_DFP/1.7.374/xc8/avr/lib/avr5/memx-const/crtatmega328p.o
                0x000000000000478e                __vector_22
                0x000000000000478e                __vector_1
                0x000000000000478e                __vector_24
                0x000000000000478e                __vector_12
                0x000000000000478e                __bad_interrupt
                0x000000000000478e                __vector_6
                0x000000000000478e                __vector_3
                0x000000000000478e                __vector_23
                0x000000000000478e                __vector_25
                0x000000000000478e                __vector_11
                0x000000000000478e                __vector_13
                0x000000000000478e                __vector_17
                0x000000000000478e                __vector_19
                0x000000000000478e                __vector_7
                0x000000000000478e                __vector_5
                0x000000000000478e                __vector_4
                0x000000000000478e                __vector_9
                0x000000000000478e                __vector_2
                0x000000000000478e                __vector_21
                0x000000000000478e                __vector_15
                0x000000000000478e                __vector_8
                0x000000000000478e                __vector_14
                0x000000000000478e                __vector_10
                0x000000000000478e                __vector_16
                0x000000000000478e                __vector_20

.text._Exit     0x0000000000004792        0x4
 .text._Exit    0x0000000000004792        0x4 c:/program files/microchip/xc8/v2.36/avr/bin/../lib/gcc/avr/5.4.0/../../../../avr/lib/avr5/memx-const\libc.a(_Exit.o)
                0x0000000000004792                _Exit

.text.__dummy_fini
                0x0000000000004796        0x2
 .text.__dummy_fini
                0x0000000000004796        0x2 c:/program files/microchip/xc8/v2.36/avr/bin/../lib/gcc/avr/5.4.0/../../../../avr/lib/avr5/memx-const\libc.a(exit.o)
                0x0000000000004796                _fini

.text.__dummy_funcs_on_exit
                0x0000000000004798        0x2
 .text.__dummy_funcs_on_exit
                0x0000000000004798        0x2 c:/program files/microchip/xc8/v2.36/avr/bin/../lib/gcc/avr/5.4.0/../../../../avr/lib/avr5/memx-const\libc.a(exit.o)
                0x0000000000004798                __funcs_on_exit

.text.__dummy_simulator_exit
                0x000000000000479a        0x2
 .text.__dummy_simulator_exit
                0x000000000000479a        0x2 c:/program files/microchip/xc8/v2.36/avr/bin/../lib/gcc/avr/5.4.0/../../../../avr/lib/avr5/memx-const\libc.a(exit.o)
                0x000000000000479a                __simulator_exit

.rodata         0x0000000000800122        0x6 load address 0x000000000000479c
 .rodata        0x0000000000800122        0x6 c:/program files/microchip/xc8/v2.36/avr/bin/../lib/gcc/avr/5.4.0/../../../../avr/lib/avr5/memx-const\libc.a(__scan_fp.o)
